version https://git-lfs.github.com/spec/v1
oid sha256:09e84278330740ae04aa891fe36127b3eda47fb8d8554c16cbd2862c050c1b86
size 76443648
